{
    "Undibacterium unclassified - hap1 - no markdup": {
        "content": [
            [
                {
                    "maxReadLength": 151,
                    "minReadLength": 151,
                    "meanReadLength": 151,
                    "maxQuality": 60,
                    "minQuality": 10,
                    "meanQuality": 50,
                    "readCount": 11583,
                    "duplicateReadCount": 0,
                    "sorted": false
                }
            ],
            [
                "test.bam.csi"
            ]
        ],
        "timestamp": "2026-02-09T15:42:55.598432",
        "meta": {
            "nf-test": "0.9.3",
            "nextflow": "25.10.3"
        }
    },
    "Undibacterium unclassified - hap1 - markdup": {
        "content": [
            [
                {
                    "maxReadLength": 151,
                    "minReadLength": 151,
                    "meanReadLength": 151,
                    "maxQuality": 60,
                    "minQuality": 10,
                    "meanQuality": 50,
                    "readCount": 11583,
                    "duplicateReadCount": 508,
                    "sorted": false
                }
            ],
            [
                "test.bam.csi"
            ],
            [
                [
                    {
                        "id": "test"
                    },
                    "test.metrics:md5,cddd85e8222990a17e7081a2fed513c8"
                ]
            ]
        ],
        "timestamp": "2026-09-11T08:18:11.77957",
        "meta": {
            "nf-test": "0.9.5",
            "nextflow": "26.04.6"
        }
    }
}