{
    "meles meles - multiple read groups - minimap2": {
        "content": [
            [
                {
                    "maxReadLength": 151,
                    "minReadLength": 26,
                    "meanReadLength": 144,
                    "maxQuality": 60,
                    "minQuality": 0,
                    "meanQuality": 44,
                    "readCount": 6659,
                    "duplicateReadCount": 0,
                    "sorted": false
                }
            ],
            [
                "test.bam.csi"
            ],
            [
                [
                    {
                        "id": "test"
                    },
                    "test.metrics:md5,bf91795ea51ad3cc4b35dfd59c9656f0"
                ]
            ]
        ],
        "timestamp": "2026-09-15T15:28:03.05178366",
        "meta": {
            "nf-test": "0.9.5",
            "nextflow": "26.04.0"
        }
    },
    "meles meles - bwamem2": {
        "content": [
            [
                {
                    "maxReadLength": 151,
                    "minReadLength": 151,
                    "meanReadLength": 151,
                    "maxQuality": 60,
                    "minQuality": 0,
                    "meanQuality": 7,
                    "readCount": 3802,
                    "duplicateReadCount": 54,
                    "sorted": true
                }
            ],
            [
                "test.bam.csi"
            ],
            [
                [
                    {
                        "id": "test"
                    },
                    "test.metrics:md5,7c139d1ca851b3cd0ae8a20fccf308ce"
                ]
            ]
        ],
        "timestamp": "2026-09-15T15:20:59.361827492",
        "meta": {
            "nf-test": "0.9.5",
            "nextflow": "26.04.0"
        }
    },
    "meles meles - minimap2": {
        "content": [
            [
                {
                    "maxReadLength": 151,
                    "minReadLength": 25,
                    "meanReadLength": 147,
                    "maxQuality": 60,
                    "minQuality": 0,
                    "meanQuality": 9,
                    "readCount": 1856,
                    "duplicateReadCount": 33,
                    "sorted": true
                }
            ],
            [
                "test.bam.csi"
            ],
            [
                [
                    {
                        "id": "test"
                    },
                    "test.metrics:md5,aed51225bc499091ac16519f4b0eac3f"
                ]
            ]
        ],
        "timestamp": "2026-09-15T15:26:37.26101262",
        "meta": {
            "nf-test": "0.9.5",
            "nextflow": "26.04.0"
        }
    },
    "meles meles - zymo - bwamem2 - multiple samples - double files": {
        "content": [
            [
                {
                    "maxReadLength": 151,
                    "minReadLength": 151,
                    "meanReadLength": 151,
                    "maxQuality": 60,
                    "minQuality": 0,
                    "meanQuality": 7,
                    "readCount": 3802,
                    "duplicateReadCount": 53,
                    "sorted": true
                },
                {
                    "maxReadLength": 150,
                    "minReadLength": 150,
                    "meanReadLength": 150,
                    "maxQuality": 60,
                    "minQuality": 0,
                    "meanQuality": 54,
                    "readCount": 543925,
                    "duplicateReadCount": 533,
                    "sorted": false
                }
            ],
            [
                "test2.bam.csi",
                "test.bam.csi"
            ],
            [
                [
                    {
                        "id": "test2"
                    },
                    "test2.metrics:md5,bfc65aecbf8b3f2bd2ef37f70569d296"
                ],
                [
                    {
                        "id": "test"
                    },
                    "test.metrics:md5,bc67924bb0eded2bf9b98b0bad311362"
                ]
            ]
        ],
        "timestamp": "2026-09-15T15:23:02.177308339",
        "meta": {
            "nf-test": "0.9.5",
            "nextflow": "26.04.0"
        }
    },
    "meles meles - multiple read groups - bwamem2": {
        "content": [
            [
                {
                    "maxReadLength": 151,
                    "minReadLength": 151,
                    "meanReadLength": 151,
                    "maxQuality": 60,
                    "minQuality": 0,
                    "meanQuality": 38,
                    "readCount": 7849,
                    "duplicateReadCount": 25,
                    "sorted": false
                }
            ],
            [
                "test.bam.csi"
            ],
            [
                [
                    {
                        "id": "test"
                    },
                    "test.metrics:md5,e8e52262bf7328366fd48bfffd2ec606"
                ]
            ]
        ],
        "timestamp": "2026-09-15T15:30:04.908881319",
        "meta": {
            "nf-test": "0.9.5",
            "nextflow": "26.04.0"
        }
    },
    "meles meles - bwamem2 - multiple samples - meta mismatch": {
        "content": [
            [
                {
                    "maxReadLength": 151,
                    "minReadLength": 151,
                    "meanReadLength": 151,
                    "maxQuality": 60,
                    "minQuality": 0,
                    "meanQuality": 7,
                    "readCount": 3802,
                    "duplicateReadCount": 54,
                    "sorted": true
                },
                {
                    "maxReadLength": 151,
                    "minReadLength": 151,
                    "meanReadLength": 151,
                    "maxQuality": 60,
                    "minQuality": 0,
                    "meanQuality": 7,
                    "readCount": 3802,
                    "duplicateReadCount": 54,
                    "sorted": true
                }
            ],
            [
                "test2.bam.csi",
                "test.bam.csi"
            ],
            [
                "test2: SM:test2",
                "test: SM:SAMEA5962964"
            ],
            [
                [
                    {
                        "id": "test2"
                    },
                    "test2.metrics:md5,f9e5ae2fb3dad93efc12834bbea40323"
                ],
                [
                    {
                        "id": "test"
                    },
                    "test.metrics:md5,7c139d1ca851b3cd0ae8a20fccf308ce"
                ]
            ]
        ],
        "timestamp": "2026-09-15T15:24:34.980477409",
        "meta": {
            "nf-test": "0.9.5",
            "nextflow": "26.04.0"
        }
    }
}