{
    "GCA_963859965.1 - fasta - stub": {
        "content": [
            {
                "0": [
                    [
                        {
                            "id": "Cloeon_Dipeterum"
                        },
                        "Cloeon_Dipeterum.telomere:md5,d41d8cd98f00b204e9800998ecf8427e"
                    ]
                ],
                "1": [
                    [
                        "TELOMERE_REGIONS",
                        "find_telomere_regions",
                        "1.0.0"
                    ]
                ],
                "telomere": [
                    [
                        {
                            "id": "Cloeon_Dipeterum"
                        },
                        "Cloeon_Dipeterum.telomere:md5,d41d8cd98f00b204e9800998ecf8427e"
                    ]
                ],
                "versions_telomereregions": [
                    [
                        "TELOMERE_REGIONS",
                        "find_telomere_regions",
                        "1.0.0"
                    ]
                ]
            }
        ],
        "meta": {
            "nf-test": "0.9.3",
            "nextflow": "25.10.2"
        },
        "timestamp": "2026-02-25T12:00:39.601105215"
    },
    "GCA_963859965.1 - fasta": {
        "content": [
            {
                "0": [
                    [
                        {
                            "id": "Cloeon_Dipeterum"
                        },
                        "Cloeon_Dipeterum.telomere:md5,a18511467c3a1e8ece1973e33c4fe0b6"
                    ]
                ],
                "1": [
                    [
                        "TELOMERE_REGIONS",
                        "find_telomere_regions",
                        "1.0.0"
                    ]
                ],
                "telomere": [
                    [
                        {
                            "id": "Cloeon_Dipeterum"
                        },
                        "Cloeon_Dipeterum.telomere:md5,a18511467c3a1e8ece1973e33c4fe0b6"
                    ]
                ],
                "versions_telomereregions": [
                    [
                        "TELOMERE_REGIONS",
                        "find_telomere_regions",
                        "1.0.0"
                    ]
                ]
            }
        ],
        "meta": {
            "nf-test": "0.9.3",
            "nextflow": "25.10.2"
        },
        "timestamp": "2026-02-25T11:59:43.90850903"
    }
}